[
  {
    "id": 33,
    "rev": 666.7777,
    "content": "hello world",
    "created_at": "1970-01-01T00:16:40Z",
    "description": {}
  }
]